[INFO] 2026-07-17 08:18:45,854 [RapidOCR] base.py:23: Using engine_name: onnxruntime
[INFO] 2026-07-17 08:18:45,899 [RapidOCR] download_file.py:60: File exists and is valid: /Volumes/PRO-G40/MED250/.venv-product-images/lib/python3.12/site-packages/rapidocr/models/PP-OCRv6_det_small.onnx
[INFO] 2026-07-17 08:18:45,900 [RapidOCR] main.py:63: Using /Volumes/PRO-G40/MED250/.venv-product-images/lib/python3.12/site-packages/rapidocr/models/PP-OCRv6_det_small.onnx
[INFO] 2026-07-17 08:18:45,947 [RapidOCR] base.py:23: Using engine_name: onnxruntime
[INFO] 2026-07-17 08:18:45,949 [RapidOCR] download_file.py:60: File exists and is valid: /Volumes/PRO-G40/MED250/.venv-product-images/lib/python3.12/site-packages/rapidocr/models/ch_ppocr_mobile_v2.0_cls_mobile.onnx
[INFO] 2026-07-17 08:18:45,949 [RapidOCR] main.py:63: Using /Volumes/PRO-G40/MED250/.venv-product-images/lib/python3.12/site-packages/rapidocr/models/ch_ppocr_mobile_v2.0_cls_mobile.onnx
[INFO] 2026-07-17 08:18:45,969 [RapidOCR] base.py:23: Using engine_name: onnxruntime
[INFO] 2026-07-17 08:18:45,990 [RapidOCR] download_file.py:60: File exists and is valid: /Volumes/PRO-G40/MED250/.venv-product-images/lib/python3.12/site-packages/rapidocr/models/PP-OCRv6_rec_small.onnx
[INFO] 2026-07-17 08:18:45,990 [RapidOCR] main.py:63: Using /Volumes/PRO-G40/MED250/.venv-product-images/lib/python3.12/site-packages/rapidocr/models/PP-OCRv6_rec_small.onnx
[1/1] incomplete rwanda-fda-hm-0431: 0/5 images
{
  "started_at": "2026-07-17T06:18:38+00:00",
  "dataset": "/Volumes/PRO-G40/MED250/outputs/019f66ce-d480-7a90-9bb7-ee6e417b5ce7/corrected/research/corrected-catalog-dataset-2026-07-15.json",
  "selected_products": 1,
  "published": 0,
  "ready": 0,
  "incomplete": 1,
  "deferred": 0,
  "skipped": 0,
  "failures": [
    {
      "product_id": "rwanda-fda-hm-0431",
      "name": "BECOREN TABLETS",
      "publication_target_count": 5,
      "final_target_count": 5,
      "candidate_count": 6,
      "validated_image_count": 0,
      "retry_count": 1,
      "failure_policy_key": "2026-07-17.35:retry-tier-0",
      "failed_candidate_urls": [
        "https://www.rene.co.ug/wp-content/uploads/2025/07/becoren.png-processed.jpg",
        "https://www.rene.co.ug/wp-content/uploads/2025/07/becoren.png-processed-600x600.jpg",
        "https://www.rene.co.ug/wp-content/uploads/2025/07/becoren.png-processed-300x300.jpg",
        "https://www.rene.co.ug/wp-content/uploads/2025/07/becoren.png-processed-150x150.jpg",
        "https://www.rene.co.ug/wp-content/uploads/2025/07/becoren.png-processed-768x768.jpg",
        "https://www.rene.co.ug/wp-content/uploads/2025/07/becoren.png-processed-100x100.jpg"
      ],
      "images": [],
      "errors": [
        "https://www.rene.co.ug/wp-content/uploads/2025/07/becoren.png-processed.jpg: OCR detected a product strength or pack size that does not match 0.5mg/ 0.5mg/0.5mg/7.5mg",
        "https://www.rene.co.ug/wp-content/uploads/2025/07/becoren.png-processed-600x600.jpg: OCR detected a product strength or pack size that does not match 0.5mg/ 0.5mg/0.5mg/7.5mg",
        "https://www.rene.co.ug/wp-content/uploads/2025/07/becoren.png-processed-300x300.jpg: Image resolution is too low: 300x300",
        "https://www.rene.co.ug/wp-content/uploads/2025/07/becoren.png-processed-150x150.jpg: Image resolution is too low: 150x150",
        "https://www.rene.co.ug/wp-content/uploads/2025/07/becoren.png-processed-768x768.jpg: OCR detected a product strength or pack size that does not match 0.5mg/ 0.5mg/0.5mg/7.5mg",
        "https://www.rene.co.ug/wp-content/uploads/2025/07/becoren.png-processed-100x100.jpg: Image resolution is too low: 100x100"
      ]
    }
  ],
  "finished_at": "2026-07-17T06:18:52+00:00"
}
