[INFO] 2026-07-17 08:25:53,912 [RapidOCR] base.py:23: Using engine_name: onnxruntime
[INFO] 2026-07-17 08:25:53,943 [RapidOCR] download_file.py:60: File exists and is valid: /Volumes/PRO-G40/MED250/.venv-product-images/lib/python3.12/site-packages/rapidocr/models/PP-OCRv6_det_small.onnx
[INFO] 2026-07-17 08:25:53,943 [RapidOCR] main.py:63: Using /Volumes/PRO-G40/MED250/.venv-product-images/lib/python3.12/site-packages/rapidocr/models/PP-OCRv6_det_small.onnx
[INFO] 2026-07-17 08:25:53,974 [RapidOCR] base.py:23: Using engine_name: onnxruntime
[INFO] 2026-07-17 08:25:53,975 [RapidOCR] download_file.py:60: File exists and is valid: /Volumes/PRO-G40/MED250/.venv-product-images/lib/python3.12/site-packages/rapidocr/models/ch_ppocr_mobile_v2.0_cls_mobile.onnx
[INFO] 2026-07-17 08:25:53,975 [RapidOCR] main.py:63: Using /Volumes/PRO-G40/MED250/.venv-product-images/lib/python3.12/site-packages/rapidocr/models/ch_ppocr_mobile_v2.0_cls_mobile.onnx
[INFO] 2026-07-17 08:25:54,016 [RapidOCR] base.py:23: Using engine_name: onnxruntime
[INFO] 2026-07-17 08:25:54,058 [RapidOCR] download_file.py:60: File exists and is valid: /Volumes/PRO-G40/MED250/.venv-product-images/lib/python3.12/site-packages/rapidocr/models/PP-OCRv6_rec_small.onnx
[INFO] 2026-07-17 08:25:54,059 [RapidOCR] main.py:63: Using /Volumes/PRO-G40/MED250/.venv-product-images/lib/python3.12/site-packages/rapidocr/models/PP-OCRv6_rec_small.onnx
[1/1] incomplete rwanda-fda-hm-1028: 0/5 images
{
  "started_at": "2026-07-17T06:25:50+00:00",
  "dataset": "/Volumes/PRO-G40/MED250/outputs/019f66ce-d480-7a90-9bb7-ee6e417b5ce7/corrected/research/corrected-catalog-dataset-2026-07-15.json",
  "selected_products": 1,
  "published": 0,
  "ready": 0,
  "incomplete": 1,
  "deferred": 0,
  "skipped": 0,
  "failures": [
    {
      "product_id": "rwanda-fda-hm-1028",
      "name": "MYCOREN SUSPENSION",
      "publication_target_count": 5,
      "final_target_count": 5,
      "candidate_count": 12,
      "validated_image_count": 0,
      "retry_count": 1,
      "failure_policy_key": "2026-07-17.36:retry-tier-0",
      "failed_candidate_urls": [
        "https://www.rene.co.ug/wp-content/uploads/2025/06/mycoren-v.png-processed.jpg",
        "https://www.rene.co.ug/wp-content/uploads/2025/06/mycoren.png-processed.jpg",
        "https://www.rene.co.ug/wp-content/uploads/2025/06/mycoren-v.png-processed-300x300.jpg",
        "https://www.rene.co.ug/wp-content/uploads/2025/06/mycoren-v.png-processed-150x150.jpg",
        "https://www.rene.co.ug/wp-content/uploads/2025/06/mycoren-v.png-processed-768x768.jpg",
        "https://www.rene.co.ug/wp-content/uploads/2025/06/mycoren-v.png-processed-600x600.jpg",
        "https://www.rene.co.ug/wp-content/uploads/2025/06/mycoren-v.png-processed-100x100.jpg",
        "https://www.rene.co.ug/wp-content/uploads/2025/06/mycoren.png-processed-600x600.jpg",
        "https://www.rene.co.ug/wp-content/uploads/2025/06/mycoren.png-processed-300x300.jpg",
        "https://www.rene.co.ug/wp-content/uploads/2025/06/mycoren.png-processed-150x150.jpg",
        "https://www.rene.co.ug/wp-content/uploads/2025/06/mycoren.png-processed-768x768.jpg",
        "https://www.rene.co.ug/wp-content/uploads/2025/06/mycoren.png-processed-100x100.jpg"
      ],
      "images": [],
      "errors": [
        "https://www.rene.co.ug/wp-content/uploads/2025/06/mycoren-v.png-processed.jpg: OCR detected a product strength or pack size that does not match 100000UI 30ml Bottle",
        "https://www.rene.co.ug/wp-content/uploads/2025/06/mycoren.png-processed.jpg: OCR detected a product strength or pack size that does not match 100000UI 30ml Bottle",
        "https://www.rene.co.ug/wp-content/uploads/2025/06/mycoren-v.png-processed-300x300.jpg: Image resolution is too low: 300x300",
        "https://www.rene.co.ug/wp-content/uploads/2025/06/mycoren-v.png-processed-150x150.jpg: Image resolution is too low: 150x150",
        "https://www.rene.co.ug/wp-content/uploads/2025/06/mycoren-v.png-processed-768x768.jpg: OCR detected a product strength or pack size that does not match 100000UI 30ml Bottle",
        "https://www.rene.co.ug/wp-content/uploads/2025/06/mycoren-v.png-processed-600x600.jpg: OCR detected a product strength or pack size that does not match 100000UI 30ml Bottle",
        "https://www.rene.co.ug/wp-content/uploads/2025/06/mycoren-v.png-processed-100x100.jpg: Image resolution is too low: 100x100",
        "https://www.rene.co.ug/wp-content/uploads/2025/06/mycoren.png-processed-600x600.jpg: OCR detected a product strength or pack size that does not match 100000UI 30ml Bottle",
        "https://www.rene.co.ug/wp-content/uploads/2025/06/mycoren.png-processed-300x300.jpg: Image resolution is too low: 300x300",
        "https://www.rene.co.ug/wp-content/uploads/2025/06/mycoren.png-processed-150x150.jpg: Image resolution is too low: 150x150",
        "https://www.rene.co.ug/wp-content/uploads/2025/06/mycoren.png-processed-768x768.jpg: OCR detected a product strength or pack size that does not match 100000UI 30ml Bottle",
        "https://www.rene.co.ug/wp-content/uploads/2025/06/mycoren.png-processed-100x100.jpg: Image resolution is too low: 100x100"
      ]
    }
  ],
  "finished_at": "2026-07-17T06:26:07+00:00"
}
